// Jest Snapshot v1, https://goo.gl/fbAQLP

exports[`ProgressBar > ProgressBar.vue renders OXD linear Progress Bar 1`] = `
<div class="oxd-overlay">
  <div class="oxd">
    <div class="progress-bar-modal">
      <div class="modal-dialog modal-sm">
        <div class="progress-modal-content">
          <div class="progress-modal-header">
            <h5 class="progress-modal-title">List to CSV</h5>
          </div>
          <div class="progress-modal-body">
            <div class="progress linear-progress-vue">
              <div class="indeterminate"></div>
              <!--v-if-->
            </div>
            <!--v-if-->
          </div>
        </div>
      </div>
    </div>
  </div>
</div>
`;
