// Jest Snapshot v1, https://goo.gl/fbAQLP

exports[`List > List.vue renders OXD List > List 1`] = `
<div class="oxd-table" role="table" configurations="[object Object]">
  <!-- oxd-card-table header start -->
  <!--v-if-->
  <!-- oxd-card-table header end -->
  <!-- oxd-card-table body start -->
  <div class="oxd-table-body oxd-card-table-body" role="rowgroup"></div><!-- oxd-card-table body end -->
</div>
`;
