// Vitest Snapshot v1

exports[`AutocompleteInput.vue > renders OXD Autocomplete Input 1`] = `
"<div class=\\"oxd-autocomplete-wrapper\\" data-v-1bf18ee7=\\"\\">
  <div class=\\"oxd-autocomplete-text-input oxd-autocomplete-text-input--active\\" data-v-d82064c7=\\"\\" data-v-1bf18ee7=\\"\\">
    <div class=\\"oxd-autocomplete-text-input--before\\" data-v-d82064c7=\\"\\"></div><input placeholder=\\"Type for hints...\\" data-v-d82064c7=\\"\\">
    <div class=\\"oxd-autocomplete-text-input--after\\" data-v-d82064c7=\\"\\">
      <!--v-if-->
    </div>
  </div>
  <!--v-if-->
  <!--v-if-->
</div>"
`;
