// Vitest Snapshot v1

exports[`PasswordInput.vue > renders OXD Input 1`] = `"<input class=\\"oxd-input oxd-input--active\\" type=\\"password\\" label=\\"Input\\" data-v-d06e05c9=\\"\\">"`;

exports[`PasswordInput.vue > should renders OXD Input with custom color 1`] = `"<input class=\\"oxd-input oxd-input--active\\" type=\\"password\\" label=\\"Input\\" style=\\"background-color: aliceblue;\\" data-v-d06e05c9=\\"\\">"`;

exports[`PasswordInput.vue > should renders OXD Input with error 1`] = `"<input class=\\"oxd-input oxd-input--active oxd-input--error\\" type=\\"password\\" label=\\"Input\\" data-v-d06e05c9=\\"\\">"`;
