// Jest Snapshot v1, https://goo.gl/fbAQLP

exports[`Text.vue renders OXD Text 1`] = `<p class="oxd-text oxd-text--p">Nunito is a well balanced sans serif typeface</p>`;

exports[`Text.vue should renders OXD Text with card-title type 1`] = `<p class="oxd-text oxd-text--p oxd-text--card-title">Nunito is a well balanced sans serif typeface</p>`;

exports[`Text.vue should renders OXD Text with custom color 1`] = `<h1 class="oxd-text oxd-text--h1" style="background-color: brown;">Nunito is a well balanced sans serif typeface</h1>`;

exports[`Text.vue should renders OXD Text with h1 tag 1`] = `<h1 class="oxd-text oxd-text--h1">Nunito is a well balanced sans serif typeface</h1>`;

exports[`Text.vue should renders OXD Text with h2 tag 1`] = `<h2 class="oxd-text oxd-text--h2">Nunito is a well balanced sans serif typeface</h2>`;

exports[`Text.vue should renders OXD Text with h3 tag 1`] = `<h3 class="oxd-text oxd-text--h3">Nunito is a well balanced sans serif typeface</h3>`;

exports[`Text.vue should renders OXD Text with h4 tag 1`] = `<h4 class="oxd-text oxd-text--h4">Nunito is a well balanced sans serif typeface</h4>`;

exports[`Text.vue should renders OXD Text with h5 tag 1`] = `<h5 class="oxd-text oxd-text--h5">Nunito is a well balanced sans serif typeface</h5>`;

exports[`Text.vue should renders OXD Text with h6 tag 1`] = `<h6 class="oxd-text oxd-text--h6">Nunito is a well balanced sans serif typeface</h6>`;

exports[`Text.vue should renders OXD Text with subtitle-1 type 1`] = `<p class="oxd-text oxd-text--p oxd-text--subtitle-1">Nunito is a well balanced sans serif typeface</p>`;

exports[`Text.vue should renders OXD Text with subtitle-2 type 1`] = `<p class="oxd-text oxd-text--p oxd-text--subtitle-2">Nunito is a well balanced sans serif typeface</p>`;

exports[`Text.vue should renders OXD Text with toast-message type 1`] = `<p class="oxd-text oxd-text--p oxd-text--toast-message">Nunito is a well balanced sans serif typeface</p>`;

exports[`Text.vue should renders OXD Text with toast-title type 1`] = `<p class="oxd-text oxd-text--p oxd-text--toast-title">Nunito is a well balanced sans serif typeface</p>`;
