// Jest Snapshot v1, https://goo.gl/fbAQLP

exports[`SidePanel.vue renders OXD Side Panel 1`] = `
<aside class="oxd-sidepanel">
  <nav class="oxd-navbar-nav">
    <div class="oxd-sidepanel-header">
      <oxd-branding-stub></oxd-branding-stub>
      <oxd-icon-stub class="oxd-sidepanel-header-close"></oxd-icon-stub>
    </div>
    <div class="oxd-sidepanel-body">
      <oxd-main-menu-stub></oxd-main-menu-stub>
    </div>
  </nav>
</aside>
`;
