// Jest Snapshot v1, https://goo.gl/fbAQLP

exports[`TabContainer.vue renders OXD Tab Container 1`] = `
<div class="oxd-tab">
  <div class="oxd-tab-bar"><a class="oxd-tab-segment oxd-tab-segment--active" href="#tab1">tab1</a><a class="oxd-tab-segment" href="#tab2">tab2</a><a class="oxd-tab-segment" href="#tab3">tab3</a></div>
  <transition-stub>
    <div id="tab1" class="oxd-tab-panel">
      <div>Tab 1</div>
    </div>
  </transition-stub>
</div>
`;
