// Jest Snapshot v1, https://goo.gl/fbAQLP

exports[`Button > Icon.vue should renders OXD icon button 1`] = `<i class="oxd-icon bi-trash oxd-icon-button__icon"></i>`;

exports[`Button > Icon.vue should renders OXD icon button with container 1`] = `<button type="button" class="oxd-icon-button"><i class="oxd-icon bi-trash"></i></button>`;
