// Jest Snapshot v1, https://goo.gl/fbAQLP

exports[`AutocompleteInput.vue renders OXD Autocomplete Input 1`] = `
<div class="oxd-autocomplete-wrapper">
  <div class="oxd-autocomplete-text-input oxd-autocomplete-text-input--active">
    <!-- Inline label slot -->
    <!--v-if-->
    <div class="oxd-autocomplete-text-input--input-wrapper">
      <div class="oxd-autocomplete-text-input--before"></div><input data-test="autocompleteSelect" placeholder="Type for hints...">
    </div>
    <div class="oxd-autocomplete-text-input--after">
      <!--v-if-->
    </div>
  </div>
  <!--v-if-->
  <!--v-if-->
</div>
`;
