// Jest Snapshot v1, https://goo.gl/fbAQLP

exports[`DateInput.vue renders OXD Date Input 1`] = `
<div class="oxd-date-wrapper">
  <div class="oxd-date-input"><input class="oxd-input oxd-input--active"><i class="oxd-icon bi-calendar oxd-date-input-icon"></i></div>
  <transition-stub>
    <!--v-if-->
  </transition-stub>
</div>
`;
