// Jest Snapshot v1, https://goo.gl/fbAQLP

exports[`PasswordInput.vue renders OXD Input 1`] = `<input class="oxd-input oxd-input--active" type="password" label="Input">`;

exports[`PasswordInput.vue should renders OXD Input with custom color 1`] = `<input class="oxd-input oxd-input--active" type="password" label="Input" style="background-color: aliceblue;">`;

exports[`PasswordInput.vue should renders OXD Input with error 1`] = `<input class="oxd-input oxd-input--active oxd-input--error" type="password" label="Input">`;
