// Jest Snapshot v1, https://goo.gl/fbAQLP

exports[`QuickSearchInput.vue Renders OXD QuickSearchInput Input 1`] = `
<div class="oxd-autocomplete-search-wrapper">
  <div class="oxd-autocomplete-wrapper">
    <div class="oxd-autocomplete-text-input oxd-autocomplete-text-input--active">
      <div class="oxd-autocomplete-text-input--before"></div><input data-test="autocompleteSelect" placeholder="Type for hints...">
      <div class="oxd-autocomplete-text-input--after">
        <!--v-if-->
      </div>
    </div>
    <!--v-if-->
    <!--v-if-->
  </div>
</div>
`;
