// Jest Snapshot v1, https://goo.gl/fbAQLP

exports[`SelectInput.vue renders OXD Select Input 1`] = `
<div class="oxd-select-wrapper">
  <div class="oxd-select-text oxd-select-text--active" tabindex="0">
    <div class="oxd-select-text-input">
      <div class="select-placeholder">Select</div><input type="text" readonly="" tabindex="-1">
    </div>
    <div class="oxd-select-text--after">
      <div class="oxd-select-text--arrow"><i class="oxd-icon oxd-icon--medium bi-caret-down-fill"></i></div>
    </div>
  </div>
  <!--v-if-->
</div>
`;
