// Jest Snapshot v1, https://goo.gl/fbAQLP

exports[`CardTable > Cell > Actions.vue should renders OXD CardTable > Cell > Actions 1`] = `<div class="oxd-table-cell-actions"><button type="button" class="oxd-icon-button oxd-table-cell-action-space" flow="top"><i class="oxd-icon oxd-icon--medium bi-trash"></i></button><button type="button" class="oxd-icon-button oxd-table-cell-action-space" flow="top"><i class="oxd-icon oxd-icon--medium bi-pencil-fill"></i></button></div>`;

exports[`CardTable > Cell > Actions.vue should renders OXD CardTable > Cell > Actions from header cell config 1`] = `<div class="oxd-table-cell-actions"><button type="button" class="oxd-icon-button oxd-table-cell-action-space" flow="top"><i class="oxd-icon oxd-icon--medium bi-pencil-fill"></i></button></div>`;
