// Jest Snapshot v1, https://goo.gl/fbAQLP

exports[`CardTable > Cell > Default.vue should renders OXD CardTable > Cell > Default 1`] = `"Test"`;

exports[`CardTable > Cell > Default.vue should renders OXD CardTable > Cell > Default with array 1`] = `
"[
  \\"Test\\",
  \\"Array\\"
]"
`;

exports[`CardTable > Cell > Default.vue should renders OXD CardTable > Cell > Default with number 1`] = `"2"`;

exports[`CardTable > Cell > Default.vue should renders OXD CardTable > Cell > Default with object 1`] = `
"{
  \\"test\\": \\"Object\\"
}"
`;
