// Jest Snapshot v1, https://goo.gl/fbAQLP

exports[`TreeView.vue renders OXD Tree View 1`] = `
<ul class="oxd-tree-view">
  <li class="oxd-tree-node --last">
    <div class="--last oxd-tree-node-wrapper">
      <!--v-if-->
      <div class="oxd-tree-node-content">test</div>
    </div>
    <div class="oxd-tree-node-liner" style="height: 0px;"></div>
    <!--v-if-->
  </li>
</ul>
`;
