// Jest Snapshot v1, https://goo.gl/fbAQLP

exports[`Calendar.vue renders OXD Calendar 1`] = `
<div class="oxd-calendar-wrapper">
  <div class="oxd-calendar-header"><button type="button" class="oxd-icon-button oxd-calendar-header-arrow" flow="top"><i class="oxd-svg-icon oxd-svg-icon--extra-small"><svg version="1.1" id="Capa_1" xmlns="http://www.w3.org/2000/svg" xmlns:xlink="http://www.w3.org/1999/xlink" x="0px" y="0px" viewBox="0 0 451.847 451.847" style="transform:rotate(90deg);" xml:space="preserve">
          <style>
            .cls-1 {
              fill: currentColor;
            }
          </style>
          <g>
            <defs></defs>
            <path class="cls-1" d="M225.923,354.706c-8.098,0-16.195-3.092-22.369-9.263L9.27,151.157c-12.359-12.359-12.359-32.397,0-44.751c12.354-12.354,32.388-12.354,44.748,0l171.905,171.915l171.906-171.909c12.359-12.354,32.391-12.354,44.744,0c12.365,12.354,12.365,32.392,0,44.751L248.292,345.449C242.115,351.621,234.018,354.706,225.923,354.706z"></path>
          </g>
        </svg></i></button>
    <ul class="oxd-calendar-selector">
      <li tabindex="0" class="oxd-calendar-selector-month">
        <div class="oxd-calendar-selector-month-selected">
          <p class="oxd-text oxd-text--p">July</p><i class="oxd-icon oxd-icon--medium bi-caret-down-fill oxd-icon-button__icon" flow="top"></i>
        </div>
        <transition-stub>
          <!--v-if-->
        </transition-stub>
      </li>
      <li tabindex="0" class="oxd-calendar-selector-year">
        <div class="oxd-calendar-selector-year-selected">
          <p class="oxd-text oxd-text--p">1990</p><i class="oxd-icon oxd-icon--medium bi-caret-down-fill oxd-icon-button__icon" flow="top"></i>
        </div>
        <transition-stub>
          <!--v-if-->
        </transition-stub>
      </li>
    </ul><button type="button" class="oxd-icon-button oxd-calendar-header-arrow" flow="top"><i class="oxd-svg-icon oxd-svg-icon--extra-small"><svg version="1.1" id="Capa_1" xmlns="http://www.w3.org/2000/svg" xmlns:xlink="http://www.w3.org/1999/xlink" x="0px" y="0px" viewBox="0 0 451.847 451.847" style="transform:rotate(-90deg);" xml:space="preserve">
          <style>
            .cls-1 {
              fill: currentColor;
            }
          </style>
          <g>
            <defs></defs>
            <path class="cls-1" d="M225.923,354.706c-8.098,0-16.195-3.092-22.369-9.263L9.27,151.157c-12.359-12.359-12.359-32.397,0-44.751c12.354-12.354,32.388-12.354,44.748,0l171.905,171.915l171.906-171.909c12.359-12.354,32.391-12.354,44.744,0c12.365,12.354,12.365,32.392,0,44.751L248.292,345.449C242.115,351.621,234.018,354.706,225.923,354.706z"></path>
          </g>
        </svg></i></button>
  </div>
  <div class="oxd-calendar-week-grid">
    <div class="oxd-calendar-day">S</div>
    <div class="oxd-calendar-day">M</div>
    <div class="oxd-calendar-day">T</div>
    <div class="oxd-calendar-day">W</div>
    <div class="oxd-calendar-day">T</div>
    <div class="oxd-calendar-day">F</div>
    <div class="oxd-calendar-day">S</div>
  </div>
  <div class="oxd-calendar-dates-grid">
    <div class="oxd-calendar-date-wrapper --offset-1">
      <div tabindex="0" class="oxd-calendar-date">1</div>
    </div>
    <div class="oxd-calendar-date-wrapper">
      <div tabindex="0" class="oxd-calendar-date">2</div>
    </div>
    <div class="oxd-calendar-date-wrapper">
      <div tabindex="0" class="oxd-calendar-date">3</div>
    </div>
    <div class="oxd-calendar-date-wrapper">
      <div tabindex="0" class="oxd-calendar-date">4</div>
    </div>
    <div class="oxd-calendar-date-wrapper">
      <div tabindex="0" class="oxd-calendar-date">5</div>
    </div>
    <div class="oxd-calendar-date-wrapper">
      <div tabindex="0" class="oxd-calendar-date">6</div>
    </div>
    <div class="oxd-calendar-date-wrapper">
      <div tabindex="0" class="oxd-calendar-date">7</div>
    </div>
    <div class="oxd-calendar-date-wrapper">
      <div tabindex="0" class="oxd-calendar-date">8</div>
    </div>
    <div class="oxd-calendar-date-wrapper">
      <div tabindex="0" class="oxd-calendar-date">9</div>
    </div>
    <div class="oxd-calendar-date-wrapper">
      <div tabindex="0" class="oxd-calendar-date">10</div>
    </div>
    <div class="oxd-calendar-date-wrapper">
      <div tabindex="0" class="oxd-calendar-date">11</div>
    </div>
    <div class="oxd-calendar-date-wrapper">
      <div tabindex="0" class="oxd-calendar-date">12</div>
    </div>
    <div class="oxd-calendar-date-wrapper">
      <div tabindex="0" class="oxd-calendar-date">13</div>
    </div>
    <div class="oxd-calendar-date-wrapper">
      <div tabindex="0" class="oxd-calendar-date">14</div>
    </div>
    <div class="oxd-calendar-date-wrapper">
      <div tabindex="0" class="oxd-calendar-date">15</div>
    </div>
    <div class="oxd-calendar-date-wrapper">
      <div tabindex="0" class="oxd-calendar-date">16</div>
    </div>
    <div class="oxd-calendar-date-wrapper">
      <div tabindex="0" class="oxd-calendar-date">17</div>
    </div>
    <div class="oxd-calendar-date-wrapper">
      <div tabindex="0" class="oxd-calendar-date">18</div>
    </div>
    <div class="oxd-calendar-date-wrapper">
      <div tabindex="0" class="oxd-calendar-date">19</div>
    </div>
    <div class="oxd-calendar-date-wrapper">
      <div tabindex="0" class="oxd-calendar-date">20</div>
    </div>
    <div class="oxd-calendar-date-wrapper">
      <div tabindex="0" class="oxd-calendar-date">21</div>
    </div>
    <div class="oxd-calendar-date-wrapper">
      <div tabindex="0" class="oxd-calendar-date">22</div>
    </div>
    <div class="oxd-calendar-date-wrapper">
      <div tabindex="0" class="oxd-calendar-date">23</div>
    </div>
    <div class="oxd-calendar-date-wrapper">
      <div tabindex="0" class="oxd-calendar-date">24</div>
    </div>
    <div class="oxd-calendar-date-wrapper">
      <div tabindex="0" class="oxd-calendar-date">25</div>
    </div>
    <div class="oxd-calendar-date-wrapper">
      <div tabindex="0" class="oxd-calendar-date">26</div>
    </div>
    <div class="oxd-calendar-date-wrapper">
      <div tabindex="0" class="oxd-calendar-date --selected">27</div>
    </div>
    <div class="oxd-calendar-date-wrapper">
      <div tabindex="0" class="oxd-calendar-date">28</div>
    </div>
    <div class="oxd-calendar-date-wrapper">
      <div tabindex="0" class="oxd-calendar-date">29</div>
    </div>
    <div class="oxd-calendar-date-wrapper">
      <div tabindex="0" class="oxd-calendar-date">30</div>
    </div>
    <div class="oxd-calendar-date-wrapper">
      <div tabindex="0" class="oxd-calendar-date">31</div>
    </div>
  </div>
</div>
`;
