// Jest Snapshot v1, https://goo.gl/fbAQLP

exports[`CalendarController.vue renders OXD CalendarController 1`] = `
<div class="oxd-calendar-header"><button type="button" class="oxd-icon-button oxd-calendar-header-arrow" flow="top"><i class="oxd-svg-icon oxd-svg-icon--extra-small"><svg xmlns="http://www.w3.org/2000/svg" viewBox="0 0 257.57 451.85">
        <defs>
          <style>
            .cls-1 {
              fill: currentColor;
            }
          </style>
        </defs>
        <g id="Layer_2" data-name="Layer 2">
          <g id="Capa_1" data-name="Capa 1">
            <path class="cls-1" d="M0,225.92a31.56,31.56,0,0,1,9.26-22.37L203.55,9.27A31.64,31.64,0,0,1,248.3,54L76.39,225.92l171.9,171.91a31.64,31.64,0,0,1-44.75,44.74L9.26,248.29A31.56,31.56,0,0,1,0,225.92Z"></path>
          </g>
        </g>
      </svg></i></button>
  <ul class="oxd-calendar-selector">
    <li tabindex="0" class="oxd-calendar-selector-month">
      <div class="oxd-calendar-selector-month-selected">
        <p class="oxd-text oxd-text--p">March</p><i class="oxd-icon oxd-icon--medium bi-caret-down-fill oxd-icon-button__icon" flow="top"></i>
      </div>
      <transition-stub>
        <!--v-if-->
      </transition-stub>
    </li>
    <li tabindex="0" class="oxd-calendar-selector-year">
      <div class="oxd-calendar-selector-year-selected">
        <p class="oxd-text oxd-text--p">2020</p><i class="oxd-icon oxd-icon--medium bi-caret-down-fill oxd-icon-button__icon" flow="top"></i>
      </div>
      <transition-stub>
        <!--v-if-->
      </transition-stub>
    </li>
  </ul><button type="button" class="oxd-icon-button oxd-calendar-header-arrow" flow="top"><i class="oxd-svg-icon oxd-svg-icon--extra-small"><svg xmlns="http://www.w3.org/2000/svg" viewBox="0 0 257.57 451.85">
        <defs>
          <style>
            .cls-1 {
              fill: currentColor;
            }
          </style>
        </defs>
        <g id="Layer_2" data-name="Layer 2">
          <g id="Capa_1" data-name="Capa 1">
            <path class="cls-1" d="M257.57,225.92a31.55,31.55,0,0,1-9.27,22.37L54,442.58A31.64,31.64,0,0,1,9.27,397.83L181.18,225.92,9.27,54A31.64,31.64,0,0,1,54,9.27L248.31,203.55A31.58,31.58,0,0,1,257.57,225.92Z"></path>
          </g>
        </g>
      </svg></i></button>
</div>
`;
